src/engine/weekEngine.ts(2547,44): error TS2345: Argument of type '{ tasksCompleted: GameTask[]; tasksProgressed: GameTask[]; resourceChanges: Partial<PlayerResources>; newRisks: Risk[]; newEmails: Email[]; ... 8 more ...; daysAdvanced: number; }' is not assignable to parameter of type 'Omit<WeekResult, "narrativeSummary" | "_updatedBuyers" | "criticalOutcomes"> & { criticalOutcomes: CriticalOutcome[]; }'.
  Property 'newQualificationNotes' is missing in type '{ tasksCompleted: GameTask[]; tasksProgressed: GameTask[]; resourceChanges: Partial<PlayerResources>; newRisks: Risk[]; newEmails: Email[]; ... 8 more ...; daysAdvanced: number; }' but required in type 'Omit<WeekResult, "narrativeSummary" | "_updatedBuyers" | "criticalOutcomes">'.
src/engine/weekEngine.ts(2549,3): error TS2741: Property 'newQualificationNotes' is missing in type '{ daysAdvanced: number; narrativeSummary: string; _updatedBuyers: Buyer[]; tasksCompleted: GameTask[]; tasksProgressed: GameTask[]; resourceChanges: Partial<PlayerResources>; ... 9 more ...; resolvedBoardSubmission: { ...; } | null; }' but required in type 'WeekResult'.
